// Jest Snapshot v1, https://goo.gl/fbAQLP

exports[`test 1`] = `
<div
  className="search"
>
  <input
    className="search__input"
    onChange={[Function]}
    placeholder="Search"
    type="search"
    value="hello"
  />
  <div
    className="clickable"
  />
</div>
`;
