// Jest Snapshot v1, https://goo.gl/fbAQLP

exports[`test 1`] = `
<div
  className="table-row"
>
  <div
    className="table-row__determining"
  >
    <div>
      <button
        className="table-row__button"
        onClick={[Function]}
      >
        delete
      </button>
      <button
        className="table-row__button"
        onClick={[Function]}
      >
        edit
      </button>
    </div>
    <span
      className="table-row__determining_main"
    />
    Â 
  </div>
  <div
    className="table-row__values"
  >
    <div
      className="table-row__values_value"
    />
    <div
      className="table-row__values_value"
    />
  </div>
</div>
`;
